<?xml version="1.0" encoding="utf-8"?><testsuites name="pytest tests"><testsuite name="pytest" errors="0" failures="0" skipped="0" tests="24" time="0.097" timestamp="2025-11-15T02:24:54.955018+05:30" hostname="Kedars-MacBook-Air.local"><testcase classname="test.test_sorting" name="test_basic_sorted_asc[bubble]" time="0.001" /><testcase classname="test.test_sorting" name="test_basic_sorted_asc[selection]" time="0.001" /><testcase classname="test.test_sorting" name="test_basic_sorted_asc[merge]" time="0.000" /><testcase classname="test.test_sorting" name="test_basic_sorted_asc[quick]" time="0.000" /><testcase classname="test.test_sorting" name="test_basic_sorted_desc[bubble]" time="0.000" /><testcase classname="test.test_sorting" name="test_basic_sorted_desc[selection]" time="0.000" /><testcase classname="test.test_sorting" name="test_basic_sorted_desc[merge]" time="0.000" /><testcase classname="test.test_sorting" name="test_basic_sorted_desc[quick]" time="0.000" /><testcase classname="test.test_sorting" name="test_empty_and_single[bubble]" time="0.000" /><testcase classname="test.test_sorting" name="test_empty_and_single[selection]" time="0.000" /><testcase classname="test.test_sorting" name="test_empty_and_single[merge]" time="0.000" /><testcase classname="test.test_sorting" name="test_empty_and_single[quick]" time="0.000" /><testcase classname="test.test_sorting" name="test_duplicates[bubble]" time="0.000" /><testcase classname="test.test_sorting" name="test_duplicates[selection]" time="0.000" /><testcase classname="test.test_sorting" name="test_duplicates[merge]" time="0.000" /><testcase classname="test.test_sorting" name="test_duplicates[quick]" time="0.000" /><testcase classname="test.test_sorting" name="test_invalid_type_in_list[bubble]" time="0.000" /><testcase classname="test.test_sorting" name="test_invalid_type_in_list[selection]" time="0.000" /><testcase classname="test.test_sorting" name="test_invalid_type_in_list[merge]" time="0.000" /><testcase classname="test.test_sorting" name="test_invalid_type_in_list[quick]" time="0.000" /><testcase classname="test.test_sorting" name="test_out_of_range_int[bubble]" time="0.000" /><testcase classname="test.test_sorting" name="test_out_of_range_int[selection]" time="0.000" /><testcase classname="test.test_sorting" name="test_out_of_range_int[merge]" time="0.000" /><testcase classname="test.test_sorting" name="test_out_of_range_int[quick]" time="0.000" /></testsuite></testsuites>